{
  "foo": "foo_1aWxTX",
  "bar": "bar_1aWxTX foo_1aWxTX",
  "baz": "baz_1aWxTX bar_1aWxTX foo_1aWxTX"
}
