{
  "yolo": "yolo_2OKdOh",
  "foo": "foo_2OKdOh"
}
