{
  "lol": "lol_2KAV0T",
  "baz": "baz_2KAV0T lol_2KAV0T bar_1aWxTX foo_1aWxTX",
  "fob": "fob_2KAV0T foo_1aWxTX"
}
